The system cannot find the path specified.
The system cannot find the path specified.
The system cannot find the path specified.
The system cannot find the path specified.
The system cannot find the path specified.
The system cannot find the path specified.
C:\Users\Luckatchi\Desktop\gestion chronorex\whatsapp-worker\node_modules\whatsapp-web.js\node_modules\puppeteer-core\lib\cjs\puppeteer\cdp\ExecutionContext.js:457
        throw new Error('Execution context was destroyed, most likely because of a navigation.');
              ^

Error: Execution context was destroyed, most likely because of a navigation.
    at rewriteError (C:\Users\Luckatchi\Desktop\gestion chronorex\whatsapp-worker\node_modules\whatsapp-web.js\node_modules\puppeteer-core\lib\cjs\puppeteer\cdp\ExecutionContext.js:457:15)
    at async #evaluate (C:\Users\Luckatchi\Desktop\gestion chronorex\whatsapp-worker\node_modules\whatsapp-web.js\node_modules\puppeteer-core\lib\cjs\puppeteer\cdp\ExecutionContext.js:389:60)
    at async ExecutionContext.evaluate (C:\Users\Luckatchi\Desktop\gestion chronorex\whatsapp-worker\node_modules\whatsapp-web.js\node_modules\puppeteer-core\lib\cjs\puppeteer\cdp\ExecutionContext.js:277:16)
    at async IsolatedWorld.evaluate (C:\Users\Luckatchi\Desktop\gestion chronorex\whatsapp-worker\node_modules\whatsapp-web.js\node_modules\puppeteer-core\lib\cjs\puppeteer\cdp\IsolatedWorld.js:100:16)
    at async CdpFrame.evaluate (C:\Users\Luckatchi\Desktop\gestion chronorex\whatsapp-worker\node_modules\whatsapp-web.js\node_modules\puppeteer-core\lib\cjs\puppeteer\api\Frame.js:362:20)
    at async CdpPage.evaluate (C:\Users\Luckatchi\Desktop\gestion chronorex\whatsapp-worker\node_modules\whatsapp-web.js\node_modules\puppeteer-core\lib\cjs\puppeteer\api\Page.js:830:20)
    at async Client.getWWebVersion (C:\Users\Luckatchi\Desktop\gestion chronorex\whatsapp-worker\node_modules\whatsapp-web.js\src\Client.js:1310:16)
    at async Client.inject (C:\Users\Luckatchi\Desktop\gestion chronorex\whatsapp-worker\node_modules\whatsapp-web.js\src\Client.js:142:25)
    at async C:\Users\Luckatchi\Desktop\gestion chronorex\whatsapp-worker\node_modules\whatsapp-web.js\src\Client.js:503:13

Node.js v24.12.0
