{"type":"server-started","port":62288,"host":"127.0.0.1","url_host":"localhost","url":"http://localhost:62288/?key=a26faf7b5536e85662ed218e9996cb521358b1152631c47ecff4782bc46200c5","screen_dir":"C:\\Users\\hassa\\Desktop\\GDD\\.superpowers\\brainstorm\\ui-redesign-20260722\\content","state_dir":"C:\\Users\\hassa\\Desktop\\GDD\\.superpowers\\brainstorm\\ui-redesign-20260722\\state","idle_timeout_ms":14400000}
{"type":"screen-added","file":"C:\\Users\\hassa\\Desktop\\GDD\\.superpowers\\brainstorm\\ui-redesign-20260722\\content\\visual-style.html"}
{"source":"user-event","type":"click","text":"Dark and confidentA focused, modern workspace that is comfortable for evening work.","choice":"dark-confident","id":null,"timestamp":1784753266938}
{"source":"user-event","type":"click","text":"Dark and confidentA focused, modern workspace that is comfortable for evening work.","choice":"dark-confident","id":null,"timestamp":1784753268316}
{"source":"user-event","type":"click","text":"Dark and confidentA focused, modern workspace that is comfortable for evening work.","choice":"dark-confident","id":null,"timestamp":1784753270649}
{"source":"user-event","type":"click","text":"Dark and confidentA focused, modern workspace that is comfortable for evening work.","choice":"dark-confident","id":null,"timestamp":1784753271106}
{"source":"user-event","type":"click","text":"Dark and confidentA focused, modern workspace that is comfortable for evening work.","choice":"dark-confident","id":null,"timestamp":1784753272164}
{"source":"user-event","type":"click","text":"Clean and professionalBright, calm, and very easy to read. Blue is used only for important actions.Recommended","choice":"clean-professional","id":null,"timestamp":1784753272989}
{"source":"user-event","type":"click","text":"Dark and confidentA focused, modern workspace that is comfortable for evening work.","choice":"dark-confident","id":null,"timestamp":1784753273716}
{"source":"user-event","type":"click","text":"Dark and confidentA focused, modern workspace that is comfortable for evening work.","choice":"dark-confident","id":null,"timestamp":1784753293786}
{"source":"user-event","type":"click","text":"Dark and confidentA focused, modern workspace that is comfortable for evening work.","choice":"dark-confident","id":null,"timestamp":1784753312854}
{"source":"user-event","type":"click","text":"Dark and confidentA focused, modern workspace that is comfortable for evening work.","choice":"dark-confident","id":null,"timestamp":1784753314374}
{"source":"user-event","type":"click","text":"Dark and confidentA focused, modern workspace that is comfortable for evening work.","choice":"dark-confident","id":null,"timestamp":1784753314832}
{"source":"user-event","type":"click","text":"Dark and confidentA focused, modern workspace that is comfortable for evening work.","choice":"dark-confident","id":null,"timestamp":1784753315012}
{"source":"user-event","type":"click","text":"Dark and confidentA focused, modern workspace that is comfortable for evening work.","choice":"dark-confident","id":null,"timestamp":1784753327402}
{"source":"user-event","type":"click","text":"Dark and confidentA focused, modern workspace that is comfortable for evening work.","choice":"dark-confident","id":null,"timestamp":1784753328288}
{"source":"user-event","type":"click","text":"Dark and confidentA focused, modern workspace that is comfortable for evening work.","choice":"dark-confident","id":null,"timestamp":1784753328629}
{"source":"user-event","type":"click","text":"Clean and professionalBright, calm, and very easy to read. Blue is used only for important actions.Recommended","choice":"clean-professional","id":null,"timestamp":1784753330777}
{"source":"user-event","type":"click","text":"Clean and professionalBright, calm, and very easy to read. Blue is used only for important actions.Recommended","choice":"clean-professional","id":null,"timestamp":1784753333274}
{"source":"user-event","type":"click","text":"Warm and trustedA more human, distinctive financial tool with a grounded look.","choice":"warm-trusted","id":null,"timestamp":1784753334655}
{"source":"user-event","type":"click","text":"Warm and trustedA more human, distinctive financial tool with a grounded look.","choice":"warm-trusted","id":null,"timestamp":1784753346334}
{"source":"user-event","type":"click","text":"Dark and confidentA focused, modern workspace that is comfortable for evening work.","choice":"dark-confident","id":null,"timestamp":1784753347375}
{"source":"user-event","type":"click","text":"Clean and professionalBright, calm, and very easy to read. Blue is used only for important actions.Recommended","choice":"clean-professional","id":null,"timestamp":1784753348283}
{"source":"user-event","type":"click","text":"Clean and professionalBright, calm, and very easy to read. Blue is used only for important actions.Recommended","choice":"clean-professional","id":null,"timestamp":1784753349446}
{"source":"user-event","type":"click","text":"Clean and professionalBright, calm, and very easy to read. Blue is used only for important actions.Recommended","choice":"clean-professional","id":null,"timestamp":1784753372382}
{"source":"user-event","type":"click","text":"Clean and professionalBright, calm, and very easy to read. Blue is used only for important actions.Recommended","choice":"clean-professional","id":null,"timestamp":1784753398100}
{"source":"user-event","type":"click","text":"Clean and professionalBright, calm, and very easy to read. Blue is used only for important actions.Recommended","choice":"clean-professional","id":null,"timestamp":1784753408857}
{"source":"user-event","type":"click","text":"Clean and professionalBright, calm, and very easy to read. Blue is used only for important actions.Recommended","choice":"clean-professional","id":null,"timestamp":1784753424748}
{"source":"user-event","type":"click","text":"Clean and professionalBright, calm, and very easy to read. Blue is used only for important actions.Recommended","choice":"clean-professional","id":null,"timestamp":1784753443791}
{"source":"user-event","type":"click","text":"Clean and professionalBright, calm, and very easy to read. Blue is used only for important actions.Recommended","choice":"clean-professional","id":null,"timestamp":1784753445381}
{"source":"user-event","type":"click","text":"Clean and professionalBright, calm, and very easy to read. Blue is used only for important actions.Recommended","choice":"clean-professional","id":null,"timestamp":1784753462745}
{"source":"user-event","type":"click","text":"Clean and professionalBright, calm, and very easy to read. Blue is used only for important actions.Recommended","choice":"clean-professional","id":null,"timestamp":1784753467890}
{"source":"user-event","type":"click","text":"Clean and professionalBright, calm, and very easy to read. Blue is used only for important actions.Recommended","choice":"clean-professional","id":null,"timestamp":1784753470668}
{"type":"screen-added","file":"C:\\Users\\hassa\\Desktop\\GDD\\.superpowers\\brainstorm\\ui-redesign-20260722\\content\\visual-style-selection.html"}
{"source":"user-event","type":"click","text":"Clean and professionalBright, calm, and easy to read.✓ Selected","choice":"clean-professional","id":null,"timestamp":1784753492291}
{"source":"user-event","type":"click","text":"Dark and confidentFocused and comfortable for evening work.✓ Selected","choice":"dark-confident","id":null,"timestamp":1784753500420}
{"source":"user-event","type":"click","text":"Clean and professionalBright, calm, and easy to read.✓ Selected","choice":"clean-professional","id":null,"timestamp":1784753501118}
{"source":"user-event","type":"click","text":"Dark and confidentFocused and comfortable for evening work.✓ Selected","choice":"dark-confident","id":null,"timestamp":1784753502047}
{"source":"user-event","type":"click","text":"Clean and professionalBright, calm, and easy to read.✓ Selected","choice":"clean-professional","id":null,"timestamp":1784753503248}
{"source":"user-event","type":"click","text":"Clean and professionalBright, calm, and easy to read.✓ Selected","choice":"clean-professional","id":null,"timestamp":1784753504397}
{"source":"user-event","type":"click","text":"Clean and professionalBright, calm, and easy to read.✓ Selected","choice":"clean-professional","id":null,"timestamp":1784753525953}
{"type":"screen-added","file":"C:\\Users\\hassa\\Desktop\\GDD\\.superpowers\\brainstorm\\ui-redesign-20260722\\content\\waiting-for-next-decision.html"}
{"type":"screen-added","file":"C:\\Users\\hassa\\Desktop\\GDD\\.superpowers\\brainstorm\\ui-redesign-20260722\\content\\primary-language.html"}
{"source":"user-event","type":"click","text":"Français\n      Ajouter une dépense\n      ✓ Sélectionné","choice":"french","id":null,"timestamp":1784753665927}
{"source":"user-event","type":"click","text":"Français\n      Ajouter une dépense\n      ✓ Sélectionné","choice":"french","id":null,"timestamp":1784753675602}
{"type":"screen-added","file":"C:\\Users\\hassa\\Desktop\\GDD\\.superpowers\\brainstorm\\ui-redesign-20260722\\content\\waiting-for-approach.html"}
{"type":"screen-added","file":"C:\\Users\\hassa\\Desktop\\GDD\\.superpowers\\brainstorm\\ui-redesign-20260722\\content\\redesign-approach.html"}
{"source":"user-event","type":"click","text":"Commencer uniquement par les dépenses\n      La page la plus importante est améliorée avant le reste.\n      Liste des dépensesAjouter une dépensePhoto de reçu sur téléphone\n      ✓ Sélectionné","choice":"expense-first","id":null,"timestamp":1784753844773}
{"source":"user-event","type":"click","text":"Commencer uniquement par les dépenses\n      La page la plus importante est améliorée avant le reste.\n      Liste des dépensesAjouter une dépensePhoto de reçu sur téléphone\n      ✓ Sélectionné","choice":"expense-first","id":null,"timestamp":1784753846480}
{"type":"screen-updated","file":"C:\\Users\\hassa\\Desktop\\GDD\\.superpowers\\brainstorm\\ui-redesign-20260722\\content\\visual-style.html"}
{"type":"screen-updated","file":"C:\\Users\\hassa\\Desktop\\GDD\\.superpowers\\brainstorm\\ui-redesign-20260722\\content\\visual-style-selection.html"}
{"type":"server-stopped","reason":"idle timeout"}
